Copyright 1986-2022 Xilinx, Inc. All Rights Reserved. Copyright 2022-2025 Advanced Micro Devices, Inc. All Rights Reserved.
------------------------------------------------------------------------------------------------------------------------------------------------------------------------------------------------------------------------------------------------
| Tool Version : Vivado v.2025.2 (win64) Build 6299465 Fri Nov 14 19:35:11 GMT 2025
| Date         : Sun Mar 15 18:46:37 2026
| Host         : DESKTOP-QU8QVCL running 64-bit major release  (build 9200)
| Command      : report_timing_summary -max_paths 10 -routable_nets -report_unconstrained -file pipoRegister_timing_summary_routed.rpt -pb pipoRegister_timing_summary_routed.pb -rpx pipoRegister_timing_summary_routed.rpx -warn_on_violation
| Design       : pipoRegister
| Device       : 7z020-clg484
| Speed File   : -1  PRODUCTION 1.12 2019-11-22
| Design State : Routed
------------------------------------------------------------------------------------------------------------------------------------------------------------------------------------------------------------------------------------------------

Timing Summary Report

------------------------------------------------------------------------------------------------
| Timer Settings
| --------------
------------------------------------------------------------------------------------------------

  Enable Multi Corner Analysis               :  Yes
  Enable Pessimism Removal                   :  Yes
  Pessimism Removal Resolution               :  Nearest Common Node
  Enable Input Delay Default Clock           :  No
  Enable Preset / Clear Arcs                 :  No
  Disable Flight Delays                      :  No
  Ignore I/O Paths                           :  No
  Timing Early Launch at Borrowing Latches   :  No
  Borrow Time for Max Delay Exceptions       :  Yes
  Merge Timing Exceptions                    :  Yes
  Inter-SLR Compensation                     :  Conservative

  Corner  Analyze    Analyze    
  Name    Max Paths  Min Paths  
  ------  ---------  ---------  
  Slow    Yes        Yes        
  Fast    Yes        Yes        


------------------------------------------------------------------------------------------------
| Report Methodology
| ------------------
------------------------------------------------------------------------------------------------

Rule       Severity          Description                  Violations  
---------  ----------------  ---------------------------  ----------  
TIMING-17  Critical Warning  Non-clocked sequential cell  8           

Note: This report is based on the most recent report_methodology run and may not be up-to-date. Run report_methodology on the current design for the latest report.



check_timing report

Table of Contents
-----------------
1. checking no_clock (8)
2. checking constant_clock (0)
3. checking pulse_width_clock (0)
4. checking unconstrained_internal_endpoints (16)
5. checking no_input_delay (9)
6. checking no_output_delay (8)
7. checking multiple_clock (0)
8. checking generated_clocks (0)
9. checking loops (0)
10. checking partial_input_delay (0)
11. checking partial_output_delay (0)
12. checking latch_loops (0)

1. checking no_clock (8)
------------------------
 There are 8 register/latch pins with no clock driven by root clock pin: clk (HIGH)


2. checking constant_clock (0)
------------------------------
 There are 0 register/latch pins with constant_clock.


3. checking pulse_width_clock (0)
---------------------------------
 There are 0 register/latch pins which need pulse_width check


4. checking unconstrained_internal_endpoints (16)
-------------------------------------------------
 There are 16 pins that are not constrained for maximum delay. (HIGH)

 There are 0 pins that are not constrained for maximum delay due to constant clock.


5. checking no_input_delay (9)
------------------------------
 There are 9 input ports with no input delay specified. (HIGH)

 There are 0 input ports with no input delay but user has a false path constraint.


6. checking no_output_delay (8)
-------------------------------
 There are 8 ports with no output delay specified. (HIGH)

 There are 0 ports with no output delay but user has a false path constraint

 There are 0 ports with no output delay but with a timing clock defined on it or propagating through it


7. checking multiple_clock (0)
------------------------------
 There are 0 register/latch pins with multiple clocks.


8. checking generated_clocks (0)
--------------------------------
 There are 0 generated clocks that are not connected to a clock source.


9. checking loops (0)
---------------------
 There are 0 combinational loops in the design.


10. checking partial_input_delay (0)
------------------------------------
 There are 0 input ports with partial input delay specified.


11. checking partial_output_delay (0)
-------------------------------------
 There are 0 ports with partial output delay specified.


12. checking latch_loops (0)
----------------------------
 There are 0 combinational latch loops in the design through latch input



------------------------------------------------------------------------------------------------
| Design Timing Summary
| ---------------------
------------------------------------------------------------------------------------------------

    WNS(ns)      TNS(ns)  TNS Failing Endpoints  TNS Total Endpoints      WHS(ns)      THS(ns)  THS Failing Endpoints  THS Total Endpoints     WPWS(ns)     TPWS(ns)  TPWS Failing Endpoints  TPWS Total Endpoints  
    -------      -------  ---------------------  -------------------      -------      -------  ---------------------  -------------------     --------     --------  ----------------------  --------------------  
        inf        0.000                      0                   24          inf        0.000                      0                   24           NA           NA                      NA                    NA  


There are no user specified timing constraints.


------------------------------------------------------------------------------------------------
| Clock Summary
| -------------
------------------------------------------------------------------------------------------------


------------------------------------------------------------------------------------------------
| Intra Clock Table
| -----------------
------------------------------------------------------------------------------------------------

Clock             WNS(ns)      TNS(ns)  TNS Failing Endpoints  TNS Total Endpoints      WHS(ns)      THS(ns)  THS Failing Endpoints  THS Total Endpoints     WPWS(ns)     TPWS(ns)  TPWS Failing Endpoints  TPWS Total Endpoints  
-----             -------      -------  ---------------------  -------------------      -------      -------  ---------------------  -------------------     --------     --------  ----------------------  --------------------  


------------------------------------------------------------------------------------------------
| Inter Clock Table
| -----------------
------------------------------------------------------------------------------------------------

From Clock    To Clock          WNS(ns)      TNS(ns)  TNS Failing Endpoints  TNS Total Endpoints      WHS(ns)      THS(ns)  THS Failing Endpoints  THS Total Endpoints  
----------    --------          -------      -------  ---------------------  -------------------      -------      -------  ---------------------  -------------------  


------------------------------------------------------------------------------------------------
| Other Path Groups Table
| -----------------------
------------------------------------------------------------------------------------------------

Path Group    From Clock    To Clock          WNS(ns)      TNS(ns)  TNS Failing Endpoints  TNS Total Endpoints      WHS(ns)      THS(ns)  THS Failing Endpoints  THS Total Endpoints  
----------    ----------    --------          -------      -------  ---------------------  -------------------      -------      -------  ---------------------  -------------------  


------------------------------------------------------------------------------------------------
| User Ignored Path Table
| -----------------------
------------------------------------------------------------------------------------------------

Path Group    From Clock    To Clock    
----------    ----------    --------    


------------------------------------------------------------------------------------------------
| Unconstrained Path Table
| ------------------------
------------------------------------------------------------------------------------------------

Path Group    From Clock    To Clock    
----------    ----------    --------    
(none)                                    


------------------------------------------------------------------------------------------------
| Timing Details
| --------------
------------------------------------------------------------------------------------------------


--------------------------------------------------------------------------------------
Path Group:  (none)
From Clock:  
  To Clock:  

Max Delay            24 Endpoints
Min Delay            24 Endpoints
--------------------------------------------------------------------------------------


Max Delay Paths
--------------------------------------------------------------------------------------
Slack:                    inf
  Source:                 Output_reg[7]/C
                            (rising edge-triggered cell FDCE)
  Destination:            Output[7]
                            (output port)
  Path Group:             (none)
  Path Type:              Max at Slow Process Corner
  Data Path Delay:        5.178ns  (logic 3.161ns (61.050%)  route 2.017ns (38.950%))
  Logic Levels:           2  (FDCE=1 OBUF=1)

    Location             Delay type                Incr(ns)  Path(ns)    Netlist Resource(s)
  -------------------------------------------------------------------    -------------------
    SLICE_X0Y8           FDCE                         0.000     0.000 r  Output_reg[7]/C
    SLICE_X0Y8           FDCE (Prop_fdce_C_Q)         0.518     0.518 r  Output_reg[7]/Q
                         net (fo=1, routed)           2.017     2.535    Output_OBUF[7]
    AB7                  OBUF (Prop_obuf_I_O)         2.643     5.178 r  Output_OBUF[7]_inst/O
                         net (fo=0)                   0.000     5.178    Output[7]
    AB7                                                               r  Output[7] (OUT)
  -------------------------------------------------------------------    -------------------

Slack:                    inf
  Source:                 Output_reg[6]/C
                            (rising edge-triggered cell FDCE)
  Destination:            Output[6]
                            (output port)
  Path Group:             (none)
  Path Type:              Max at Slow Process Corner
  Data Path Delay:        5.023ns  (logic 3.152ns (62.761%)  route 1.870ns (37.239%))
  Logic Levels:           2  (FDCE=1 OBUF=1)

    Location             Delay type                Incr(ns)  Path(ns)    Netlist Resource(s)
  -------------------------------------------------------------------    -------------------
    SLICE_X0Y8           FDCE                         0.000     0.000 r  Output_reg[6]/C
    SLICE_X0Y8           FDCE (Prop_fdce_C_Q)         0.518     0.518 r  Output_reg[6]/Q
                         net (fo=1, routed)           1.870     2.388    Output_OBUF[6]
    AB6                  OBUF (Prop_obuf_I_O)         2.634     5.023 r  Output_OBUF[6]_inst/O
                         net (fo=0)                   0.000     5.023    Output[6]
    AB6                                                               r  Output[6] (OUT)
  -------------------------------------------------------------------    -------------------

Slack:                    inf
  Source:                 Output_reg[4]/C
                            (rising edge-triggered cell FDCE)
  Destination:            Output[4]
                            (output port)
  Path Group:             (none)
  Path Type:              Max at Slow Process Corner
  Data Path Delay:        5.008ns  (logic 3.145ns (62.797%)  route 1.863ns (37.203%))
  Logic Levels:           2  (FDCE=1 OBUF=1)

    Location             Delay type                Incr(ns)  Path(ns)    Netlist Resource(s)
  -------------------------------------------------------------------    -------------------
    SLICE_X0Y8           FDCE                         0.000     0.000 r  Output_reg[4]/C
    SLICE_X0Y8           FDCE (Prop_fdce_C_Q)         0.518     0.518 r  Output_reg[4]/Q
                         net (fo=1, routed)           1.863     2.381    Output_OBUF[4]
    AA4                  OBUF (Prop_obuf_I_O)         2.627     5.008 r  Output_OBUF[4]_inst/O
                         net (fo=0)                   0.000     5.008    Output[4]
    AA4                                                               r  Output[4] (OUT)
  -------------------------------------------------------------------    -------------------

Slack:                    inf
  Source:                 Output_reg[5]/C
                            (rising edge-triggered cell FDCE)
  Destination:            Output[5]
                            (output port)
  Path Group:             (none)
  Path Type:              Max at Slow Process Corner
  Data Path Delay:        4.851ns  (logic 3.125ns (64.432%)  route 1.725ns (35.568%))
  Logic Levels:           2  (FDCE=1 OBUF=1)

    Location             Delay type                Incr(ns)  Path(ns)    Netlist Resource(s)
  -------------------------------------------------------------------    -------------------
    SLICE_X0Y8           FDCE                         0.000     0.000 r  Output_reg[5]/C
    SLICE_X0Y8           FDCE (Prop_fdce_C_Q)         0.518     0.518 r  Output_reg[5]/Q
                         net (fo=1, routed)           1.725     2.243    Output_OBUF[5]
    Y4                   OBUF (Prop_obuf_I_O)         2.607     4.851 r  Output_OBUF[5]_inst/O
                         net (fo=0)                   0.000     4.851    Output[5]
    Y4                                                                r  Output[5] (OUT)
  -------------------------------------------------------------------    -------------------

Slack:                    inf
  Source:                 Output_reg[3]/C
                            (rising edge-triggered cell FDCE)
  Destination:            Output[3]
                            (output port)
  Path Group:             (none)
  Path Type:              Max at Slow Process Corner
  Data Path Delay:        4.787ns  (logic 3.075ns (64.231%)  route 1.712ns (35.769%))
  Logic Levels:           2  (FDCE=1 OBUF=1)

    Location             Delay type                Incr(ns)  Path(ns)    Netlist Resource(s)
  -------------------------------------------------------------------    -------------------
    SLICE_X1Y8           FDCE                         0.000     0.000 r  Output_reg[3]/C
    SLICE_X1Y8           FDCE (Prop_fdce_C_Q)         0.456     0.456 r  Output_reg[3]/Q
                         net (fo=1, routed)           1.712     2.168    Output_OBUF[3]
    R6                   OBUF (Prop_obuf_I_O)         2.619     4.787 r  Output_OBUF[3]_inst/O
                         net (fo=0)                   0.000     4.787    Output[3]
    R6                                                                r  Output[3] (OUT)
  -------------------------------------------------------------------    -------------------

Slack:                    inf
  Source:                 Output_reg[2]/C
                            (rising edge-triggered cell FDCE)
  Destination:            Output[2]
                            (output port)
  Path Group:             (none)
  Path Type:              Max at Slow Process Corner
  Data Path Delay:        4.754ns  (logic 3.033ns (63.790%)  route 1.722ns (36.210%))
  Logic Levels:           2  (FDCE=1 OBUF=1)

    Location             Delay type                Incr(ns)  Path(ns)    Netlist Resource(s)
  -------------------------------------------------------------------    -------------------
    SLICE_X1Y8           FDCE                         0.000     0.000 r  Output_reg[2]/C
    SLICE_X1Y8           FDCE (Prop_fdce_C_Q)         0.456     0.456 r  Output_reg[2]/Q
                         net (fo=1, routed)           1.722     2.178    Output_OBUF[2]
    T6                   OBUF (Prop_obuf_I_O)         2.577     4.754 r  Output_OBUF[2]_inst/O
                         net (fo=0)                   0.000     4.754    Output[2]
    T6                                                                r  Output[2] (OUT)
  -------------------------------------------------------------------    -------------------

Slack:                    inf
  Source:                 Output_reg[1]/C
                            (rising edge-triggered cell FDCE)
  Destination:            Output[1]
                            (output port)
  Path Group:             (none)
  Path Type:              Max at Slow Process Corner
  Data Path Delay:        4.743ns  (logic 3.071ns (64.752%)  route 1.672ns (35.248%))
  Logic Levels:           2  (FDCE=1 OBUF=1)

    Location             Delay type                Incr(ns)  Path(ns)    Netlist Resource(s)
  -------------------------------------------------------------------    -------------------
    SLICE_X1Y8           FDCE                         0.000     0.000 r  Output_reg[1]/C
    SLICE_X1Y8           FDCE (Prop_fdce_C_Q)         0.456     0.456 r  Output_reg[1]/Q
                         net (fo=1, routed)           1.672     2.128    Output_OBUF[1]
    T4                   OBUF (Prop_obuf_I_O)         2.615     4.743 r  Output_OBUF[1]_inst/O
                         net (fo=0)                   0.000     4.743    Output[1]
    T4                                                                r  Output[1] (OUT)
  -------------------------------------------------------------------    -------------------

Slack:                    inf
  Source:                 Output_reg[0]/C
                            (rising edge-triggered cell FDCE)
  Destination:            Output[0]
                            (output port)
  Path Group:             (none)
  Path Type:              Max at Slow Process Corner
  Data Path Delay:        4.713ns  (logic 3.044ns (64.590%)  route 1.669ns (35.410%))
  Logic Levels:           2  (FDCE=1 OBUF=1)

    Location             Delay type                Incr(ns)  Path(ns)    Netlist Resource(s)
  -------------------------------------------------------------------    -------------------
    SLICE_X1Y8           FDCE                         0.000     0.000 r  Output_reg[0]/C
    SLICE_X1Y8           FDCE (Prop_fdce_C_Q)         0.456     0.456 r  Output_reg[0]/Q
                         net (fo=1, routed)           1.669     2.125    Output_OBUF[0]
    U4                   OBUF (Prop_obuf_I_O)         2.588     4.713 r  Output_OBUF[0]_inst/O
                         net (fo=0)                   0.000     4.713    Output[0]
    U4                                                                r  Output[0] (OUT)
  -------------------------------------------------------------------    -------------------

Slack:                    inf
  Source:                 Input[1]
                            (input port)
  Destination:            Output_reg[1]/D
  Path Group:             (none)
  Path Type:              Max at Slow Process Corner
  Data Path Delay:        2.094ns  (logic 0.935ns (44.665%)  route 1.159ns (55.335%))
  Logic Levels:           1  (IBUF=1)

    Location             Delay type                Incr(ns)  Path(ns)    Netlist Resource(s)
  -------------------------------------------------------------------    -------------------
    W5                                                0.000     0.000 r  Input[1] (IN)
                         net (fo=0)                   0.000     0.000    Input[1]
    W5                   IBUF (Prop_ibuf_I_O)         0.935     0.935 r  Input_IBUF[1]_inst/O
                         net (fo=1, routed)           1.159     2.094    Input_IBUF[1]
    SLICE_X1Y8           FDCE                                         r  Output_reg[1]/D
  -------------------------------------------------------------------    -------------------

Slack:                    inf
  Source:                 Input[2]
                            (input port)
  Destination:            Output_reg[2]/D
  Path Group:             (none)
  Path Type:              Max at Slow Process Corner
  Data Path Delay:        2.079ns  (logic 0.935ns (44.998%)  route 1.143ns (55.002%))
  Logic Levels:           1  (IBUF=1)

    Location             Delay type                Incr(ns)  Path(ns)    Netlist Resource(s)
  -------------------------------------------------------------------    -------------------
    W6                                                0.000     0.000 r  Input[2] (IN)
                         net (fo=0)                   0.000     0.000    Input[2]
    W6                   IBUF (Prop_ibuf_I_O)         0.935     0.935 r  Input_IBUF[2]_inst/O
                         net (fo=1, routed)           1.143     2.079    Input_IBUF[2]
    SLICE_X1Y8           FDCE                                         r  Output_reg[2]/D
  -------------------------------------------------------------------    -------------------





Min Delay Paths
--------------------------------------------------------------------------------------
Slack:                    inf
  Source:                 Reset
                            (input port)
  Destination:            Output_reg[0]/CLR
  Path Group:             (none)
  Path Type:              Min at Fast Process Corner
  Data Path Delay:        0.506ns  (logic 0.150ns (29.584%)  route 0.356ns (70.416%))
  Logic Levels:           1  (IBUF=1)

    Location             Delay type                Incr(ns)  Path(ns)    Netlist Resource(s)
  -------------------------------------------------------------------    -------------------
    V5                                                0.000     0.000 f  Reset (IN)
                         net (fo=0)                   0.000     0.000    Reset
    V5                   IBUF (Prop_ibuf_I_O)         0.150     0.150 f  Reset_IBUF_inst/O
                         net (fo=8, routed)           0.356     0.506    Reset_IBUF
    SLICE_X1Y8           FDCE                                         f  Output_reg[0]/CLR
  -------------------------------------------------------------------    -------------------

Slack:                    inf
  Source:                 Reset
                            (input port)
  Destination:            Output_reg[1]/CLR
  Path Group:             (none)
  Path Type:              Min at Fast Process Corner
  Data Path Delay:        0.506ns  (logic 0.150ns (29.584%)  route 0.356ns (70.416%))
  Logic Levels:           1  (IBUF=1)

    Location             Delay type                Incr(ns)  Path(ns)    Netlist Resource(s)
  -------------------------------------------------------------------    -------------------
    V5                                                0.000     0.000 f  Reset (IN)
                         net (fo=0)                   0.000     0.000    Reset
    V5                   IBUF (Prop_ibuf_I_O)         0.150     0.150 f  Reset_IBUF_inst/O
                         net (fo=8, routed)           0.356     0.506    Reset_IBUF
    SLICE_X1Y8           FDCE                                         f  Output_reg[1]/CLR
  -------------------------------------------------------------------    -------------------

Slack:                    inf
  Source:                 Reset
                            (input port)
  Destination:            Output_reg[2]/CLR
  Path Group:             (none)
  Path Type:              Min at Fast Process Corner
  Data Path Delay:        0.506ns  (logic 0.150ns (29.584%)  route 0.356ns (70.416%))
  Logic Levels:           1  (IBUF=1)

    Location             Delay type                Incr(ns)  Path(ns)    Netlist Resource(s)
  -------------------------------------------------------------------    -------------------
    V5                                                0.000     0.000 f  Reset (IN)
                         net (fo=0)                   0.000     0.000    Reset
    V5                   IBUF (Prop_ibuf_I_O)         0.150     0.150 f  Reset_IBUF_inst/O
                         net (fo=8, routed)           0.356     0.506    Reset_IBUF
    SLICE_X1Y8           FDCE                                         f  Output_reg[2]/CLR
  -------------------------------------------------------------------    -------------------

Slack:                    inf
  Source:                 Reset
                            (input port)
  Destination:            Output_reg[3]/CLR
  Path Group:             (none)
  Path Type:              Min at Fast Process Corner
  Data Path Delay:        0.506ns  (logic 0.150ns (29.584%)  route 0.356ns (70.416%))
  Logic Levels:           1  (IBUF=1)

    Location             Delay type                Incr(ns)  Path(ns)    Netlist Resource(s)
  -------------------------------------------------------------------    -------------------
    V5                                                0.000     0.000 f  Reset (IN)
                         net (fo=0)                   0.000     0.000    Reset
    V5                   IBUF (Prop_ibuf_I_O)         0.150     0.150 f  Reset_IBUF_inst/O
                         net (fo=8, routed)           0.356     0.506    Reset_IBUF
    SLICE_X1Y8           FDCE                                         f  Output_reg[3]/CLR
  -------------------------------------------------------------------    -------------------

Slack:                    inf
  Source:                 Reset
                            (input port)
  Destination:            Output_reg[4]/CLR
  Path Group:             (none)
  Path Type:              Min at Fast Process Corner
  Data Path Delay:        0.506ns  (logic 0.150ns (29.584%)  route 0.356ns (70.416%))
  Logic Levels:           1  (IBUF=1)

    Location             Delay type                Incr(ns)  Path(ns)    Netlist Resource(s)
  -------------------------------------------------------------------    -------------------
    V5                                                0.000     0.000 f  Reset (IN)
                         net (fo=0)                   0.000     0.000    Reset
    V5                   IBUF (Prop_ibuf_I_O)         0.150     0.150 f  Reset_IBUF_inst/O
                         net (fo=8, routed)           0.356     0.506    Reset_IBUF
    SLICE_X0Y8           FDCE                                         f  Output_reg[4]/CLR
  -------------------------------------------------------------------    -------------------

Slack:                    inf
  Source:                 Reset
                            (input port)
  Destination:            Output_reg[5]/CLR
  Path Group:             (none)
  Path Type:              Min at Fast Process Corner
  Data Path Delay:        0.506ns  (logic 0.150ns (29.584%)  route 0.356ns (70.416%))
  Logic Levels:           1  (IBUF=1)

    Location             Delay type                Incr(ns)  Path(ns)    Netlist Resource(s)
  -------------------------------------------------------------------    -------------------
    V5                                                0.000     0.000 f  Reset (IN)
                         net (fo=0)                   0.000     0.000    Reset
    V5                   IBUF (Prop_ibuf_I_O)         0.150     0.150 f  Reset_IBUF_inst/O
                         net (fo=8, routed)           0.356     0.506    Reset_IBUF
    SLICE_X0Y8           FDCE                                         f  Output_reg[5]/CLR
  -------------------------------------------------------------------    -------------------

Slack:                    inf
  Source:                 Reset
                            (input port)
  Destination:            Output_reg[6]/CLR
  Path Group:             (none)
  Path Type:              Min at Fast Process Corner
  Data Path Delay:        0.506ns  (logic 0.150ns (29.584%)  route 0.356ns (70.416%))
  Logic Levels:           1  (IBUF=1)

    Location             Delay type                Incr(ns)  Path(ns)    Netlist Resource(s)
  -------------------------------------------------------------------    -------------------
    V5                                                0.000     0.000 f  Reset (IN)
                         net (fo=0)                   0.000     0.000    Reset
    V5                   IBUF (Prop_ibuf_I_O)         0.150     0.150 f  Reset_IBUF_inst/O
                         net (fo=8, routed)           0.356     0.506    Reset_IBUF
    SLICE_X0Y8           FDCE                                         f  Output_reg[6]/CLR
  -------------------------------------------------------------------    -------------------

Slack:                    inf
  Source:                 Reset
                            (input port)
  Destination:            Output_reg[7]/CLR
  Path Group:             (none)
  Path Type:              Min at Fast Process Corner
  Data Path Delay:        0.506ns  (logic 0.150ns (29.584%)  route 0.356ns (70.416%))
  Logic Levels:           1  (IBUF=1)

    Location             Delay type                Incr(ns)  Path(ns)    Netlist Resource(s)
  -------------------------------------------------------------------    -------------------
    V5                                                0.000     0.000 f  Reset (IN)
                         net (fo=0)                   0.000     0.000    Reset
    V5                   IBUF (Prop_ibuf_I_O)         0.150     0.150 f  Reset_IBUF_inst/O
                         net (fo=8, routed)           0.356     0.506    Reset_IBUF
    SLICE_X0Y8           FDCE                                         f  Output_reg[7]/CLR
  -------------------------------------------------------------------    -------------------

Slack:                    inf
  Source:                 Input[6]
                            (input port)
  Destination:            Output_reg[6]/D
  Path Group:             (none)
  Path Type:              Min at Fast Process Corner
  Data Path Delay:        0.539ns  (logic 0.146ns (27.099%)  route 0.393ns (72.901%))
  Logic Levels:           1  (IBUF=1)

    Location             Delay type                Incr(ns)  Path(ns)    Netlist Resource(s)
  -------------------------------------------------------------------    -------------------
    U6                                                0.000     0.000 r  Input[6] (IN)
                         net (fo=0)                   0.000     0.000    Input[6]
    U6                   IBUF (Prop_ibuf_I_O)         0.146     0.146 r  Input_IBUF[6]_inst/O
                         net (fo=1, routed)           0.393     0.539    Input_IBUF[6]
    SLICE_X0Y8           FDCE                                         r  Output_reg[6]/D
  -------------------------------------------------------------------    -------------------

Slack:                    inf
  Source:                 Input[7]
                            (input port)
  Destination:            Output_reg[7]/D
  Path Group:             (none)
  Path Type:              Min at Fast Process Corner
  Data Path Delay:        0.558ns  (logic 0.154ns (27.592%)  route 0.404ns (72.408%))
  Logic Levels:           1  (IBUF=1)

    Location             Delay type                Incr(ns)  Path(ns)    Netlist Resource(s)
  -------------------------------------------------------------------    -------------------
    V4                                                0.000     0.000 r  Input[7] (IN)
                         net (fo=0)                   0.000     0.000    Input[7]
    V4                   IBUF (Prop_ibuf_I_O)         0.154     0.154 r  Input_IBUF[7]_inst/O
                         net (fo=1, routed)           0.404     0.558    Input_IBUF[7]
    SLICE_X0Y8           FDCE                                         r  Output_reg[7]/D
  -------------------------------------------------------------------    -------------------





